********* Job Starts *********
Fri Aug 30 02:37:40 PM EDT 2024
Loading conda_R/4.4

Currently Loaded Modules:
  1) JHPCE_ROCKY9_DEFAULT_ENV   3) conda/3-24.3.0
  2) JHPCE_tools/3.0            4) conda_R/4.4

 

Loading required package: SummarizedExperiment
Loading required package: MatrixGenerics
Loading required package: matrixStats

Attaching package: ‘MatrixGenerics’

The following objects are masked from ‘package:matrixStats’:

    colAlls, colAnyNAs, colAnys, colAvgsPerRowSet, colCollapse,
    colCounts, colCummaxs, colCummins, colCumprods, colCumsums,
    colDiffs, colIQRDiffs, colIQRs, colLogSumExps, colMadDiffs,
    colMads, colMaxs, colMeans2, colMedians, colMins, colOrderStats,
    colProds, colQuantiles, colRanges, colRanks, colSdDiffs, colSds,
    colSums2, colTabulates, colVarDiffs, colVars, colWeightedMads,
    colWeightedMeans, colWeightedMedians, colWeightedSds,
    colWeightedVars, rowAlls, rowAnyNAs, rowAnys, rowAvgsPerColSet,
    rowCollapse, rowCounts, rowCummaxs, rowCummins, rowCumprods,
    rowCumsums, rowDiffs, rowIQRDiffs, rowIQRs, rowLogSumExps,
    rowMadDiffs, rowMads, rowMaxs, rowMeans2, rowMedians, rowMins,
    rowOrderStats, rowProds, rowQuantiles, rowRanges, rowRanks,
    rowSdDiffs, rowSds, rowSums2, rowTabulates, rowVarDiffs, rowVars,
    rowWeightedMads, rowWeightedMeans, rowWeightedMedians,
    rowWeightedSds, rowWeightedVars

Loading required package: GenomicRanges
Loading required package: stats4
Loading required package: BiocGenerics

Attaching package: ‘BiocGenerics’

The following objects are masked from ‘package:stats’:

    IQR, mad, sd, var, xtabs

The following objects are masked from ‘package:base’:

    anyDuplicated, aperm, append, as.data.frame, basename, cbind,
    colnames, dirname, do.call, duplicated, eval, evalq, Filter, Find,
    get, grep, grepl, intersect, is.unsorted, lapply, Map, mapply,
    match, mget, order, paste, pmax, pmax.int, pmin, pmin.int,
    Position, rank, rbind, Reduce, rownames, sapply, setdiff, table,
    tapply, union, unique, unsplit, which.max, which.min

Loading required package: S4Vectors

Attaching package: ‘S4Vectors’

The following object is masked from ‘package:utils’:

    findMatches

The following objects are masked from ‘package:base’:

    expand.grid, I, unname

Loading required package: IRanges
Loading required package: GenomeInfoDb
Loading required package: Biobase
Welcome to Bioconductor

    Vignettes contain introductory material; view with
    'browseVignettes()'. To cite Bioconductor, see
    'citation("Biobase")', and for packages 'citation("pkgname")'.


Attaching package: ‘Biobase’

The following object is masked from ‘package:MatrixGenerics’:

    rowMedians

The following objects are masked from ‘package:matrixStats’:

    anyMissing, rowMedians

here() starts at /dcs04/lieber/marmaypag/ls_molecular-profiling_LIBD1070/ls_molecular-profiling
Loading objects:
  sce.ls
  annotationTab.ls
  cell_colors.ls
class: SingleCellExperiment 
dim: 32285 22860 
metadata(1): Samples
assays(3): counts binomial_pearson_residuals logcounts
rownames(32285): ENSMUSG00000051951 ENSMUSG00000089699 ...
  ENSMUSG00000095019 ENSMUSG00000095041
rowData names(7): source type ... gene_type binomial_deviance
colnames(22860): 1_AAACCCAAGGTACATA-1 1_AAACCCACATCCGAGC-1 ...
  4_TTTGTTGCATACAGCT-1 4_TTTGTTGGTCAAACGG-1
colData names(17): Sample Barcode ... cellType.final cellType.broad
reducedDimNames(4): GLMPCA_approx UMAP TSNE GLMPCA_50
mainExpName: NULL
altExpNames(0):
class: SingleCellExperiment 
dim: 32285 21884 
metadata(1): Samples
assays(3): counts binomial_pearson_residuals logcounts
rownames(32285): ENSMUSG00000051951 ENSMUSG00000089699 ...
  ENSMUSG00000095019 ENSMUSG00000095041
rowData names(7): source type ... gene_type binomial_deviance
colnames(21884): 1_AAACCCAAGGTACATA-1 1_AAACCCACATCCGAGC-1 ...
  4_TTTGTTGCATACAGCT-1 4_TTTGTTGGTCAAACGG-1
colData names(17): Sample Barcode ... cellType.final cellType.broad
reducedDimNames(4): GLMPCA_approx UMAP TSNE GLMPCA_50
mainExpName: NULL
altExpNames(0):
Running 1vALL Testing for up-regulated genes
2024-08-30 14:42:05.170947 - Find markers for: LS_In.P
2024-08-30 14:42:27.63738 - Find markers for: Astro
2024-08-30 14:42:48.468986 - Find markers for: TNoS_Ex.A
2024-08-30 14:43:09.950031 - Find markers for: Oligo
2024-08-30 14:43:33.098267 - Find markers for: Str_In.F
2024-08-30 14:43:56.762061 - Find markers for: TT.IG.SH_Ex.C
2024-08-30 14:44:20.744248 - Find markers for: TT.IG.SH_Ex.F
2024-08-30 14:44:44.575419 - Find markers for: Neuroblast
2024-08-30 14:45:07.936293 - Find markers for: Chol_Ex.D
2024-08-30 14:45:32.029409 - Find markers for: Ependymal
2024-08-30 14:45:56.1778 - Find markers for: OPC
2024-08-30 14:46:20.264863 - Find markers for: OPC_COP
2024-08-30 14:46:46.31111 - Find markers for: Thal_Ex.B
2024-08-30 14:47:11.584191 - Find markers for: Str_In.A
2024-08-30 14:47:36.318386 - Find markers for: Micro
2024-08-30 14:48:01.010994 - Find markers for: MS_In.K
2024-08-30 14:48:25.672371 - Find markers for: Endo
2024-08-30 14:48:49.779662 - Find markers for: LS_In.D
2024-08-30 14:49:15.688963 - Find markers for: Sept_In.I
2024-08-30 14:49:40.083458 - Find markers for: IoC_In.E
2024-08-30 14:50:04.965453 - Find markers for: LS_In.O
2024-08-30 14:50:29.825577 - Find markers for: TT.IG.SH_Ex.E
2024-08-30 14:50:54.284388 - Find markers for: Mural
2024-08-30 14:51:18.316641 - Find markers for: LS_In.N
2024-08-30 14:51:42.795645 - Find markers for: Sept_In.G
2024-08-30 14:52:06.568625 - Find markers for: LS_In.C
2024-08-30 14:52:30.807552 - Find markers for: LS_In.M
2024-08-30 14:52:55.049756 - Find markers for: ChP
2024-08-30 14:53:19.354928 - Find markers for: Str_In.H
2024-08-30 14:53:43.303741 - Find markers for: LS_In.R
2024-08-30 14:54:07.479439 - Find markers for: MS_In.J
2024-08-30 14:54:31.659445 - Find markers for: Str_In.L
2024-08-30 14:54:55.824858 - Find markers for: LS_In.Q
2024-08-30 14:55:19.97112 - Building Table
** Done! **

[1] "Reproducibility information:"
[1] "2024-08-30 14:55:25 EDT"
    user   system  elapsed 
1045.941   14.132 1064.374 
─ Session info ───────────────────────────────────────────────────────────────────────────────────────────────────────
 setting  value
 version  R version 4.4.0 Patched (2024-05-22 r86590)
 os       Rocky Linux 9.4 (Blue Onyx)
 system   x86_64, linux-gnu
 ui       X11
 language (EN)
 collate  en_US.UTF-8
 ctype    en_US.UTF-8
 tz       US/Eastern
 date     2024-08-30
 pandoc   3.1.13 @ /jhpce/shared/community/core/conda_R/4.4/bin/pandoc

─ Packages ───────────────────────────────────────────────────────────────────────────────────────────────────────────
 package              * version   date (UTC) lib source
 abind                  1.4-5     2016-07-21 [2] CRAN (R 4.4.0)
 AnnotationDbi          1.66.0    2024-05-01 [2] Bioconductor 3.19 (R 4.4.0)
 AnnotationHub          3.12.0    2024-04-30 [2] Bioconductor 3.19 (R 4.4.0)
 attempt                0.3.1     2020-05-03 [2] CRAN (R 4.4.0)
 beachmat               2.20.0    2024-04-30 [2] Bioconductor 3.19 (R 4.4.0)
 beeswarm               0.4.0     2021-06-01 [2] CRAN (R 4.4.0)
 benchmarkme            1.0.8     2022-06-12 [2] CRAN (R 4.4.0)
 benchmarkmeData        1.0.4     2020-04-23 [2] CRAN (R 4.4.0)
 Biobase              * 2.64.0    2024-04-30 [2] Bioconductor 3.19 (R 4.4.0)
 BiocFileCache          2.12.0    2024-04-30 [2] Bioconductor 3.19 (R 4.4.0)
 BiocGenerics         * 0.50.0    2024-04-30 [2] Bioconductor 3.19 (R 4.4.0)
 BiocIO                 1.14.0    2024-04-30 [2] Bioconductor 3.19 (R 4.4.0)
 BiocManager            1.30.23   2024-05-04 [2] CRAN (R 4.4.0)
 BiocNeighbors          1.22.0    2024-04-30 [2] Bioconductor 3.19 (R 4.4.0)
 BiocParallel           1.38.0    2024-04-30 [2] Bioconductor 3.19 (R 4.4.0)
 BiocSingular           1.20.0    2024-04-30 [2] Bioconductor 3.19 (R 4.4.0)
 BiocVersion            3.19.1    2024-04-17 [2] Bioconductor 3.19 (R 4.4.0)
 Biostrings             2.72.1    2024-06-02 [2] Bioconductor 3.19 (R 4.4.0)
 bit                    4.0.5     2022-11-15 [2] CRAN (R 4.4.0)
 bit64                  4.0.5     2020-08-30 [2] CRAN (R 4.4.0)
 bitops                 1.0-8     2024-07-29 [2] CRAN (R 4.4.0)
 blob                   1.2.4     2023-03-17 [2] CRAN (R 4.4.0)
 bluster                1.14.0    2024-04-30 [2] Bioconductor 3.19 (R 4.4.0)
 bslib                  0.8.0     2024-07-29 [2] CRAN (R 4.4.0)
 cachem                 1.1.0     2024-05-16 [2] CRAN (R 4.4.0)
 cli                    3.6.3     2024-06-21 [2] CRAN (R 4.4.0)
 cluster                2.1.6     2023-12-01 [3] CRAN (R 4.4.0)
 codetools              0.2-20    2024-03-31 [3] CRAN (R 4.4.0)
 colorspace             2.1-1     2024-07-26 [2] CRAN (R 4.4.0)
 config                 0.3.2     2023-08-30 [2] CRAN (R 4.4.0)
 cowplot                1.1.3     2024-01-22 [2] CRAN (R 4.4.0)
 crayon                 1.5.3     2024-06-20 [2] CRAN (R 4.4.0)
 curl                   5.2.1     2024-03-01 [2] CRAN (R 4.4.0)
 data.table             1.15.4    2024-03-30 [2] CRAN (R 4.4.0)
 DBI                    1.2.3     2024-06-02 [2] CRAN (R 4.4.0)
 dbplyr                 2.5.0     2024-03-19 [2] CRAN (R 4.4.0)
 DeconvoBuddies       * 0.99.0    2024-08-25 [1] Github (LieberInstitute/DeconvoBuddies@8ed2d3d)
 DelayedArray           0.30.1    2024-05-07 [2] Bioconductor 3.19 (R 4.4.0)
 DelayedMatrixStats     1.26.0    2024-04-30 [2] Bioconductor 3.19 (R 4.4.0)
 digest                 0.6.36    2024-06-23 [2] CRAN (R 4.4.0)
 doParallel             1.0.17    2022-02-07 [2] CRAN (R 4.4.0)
 dotCall64              1.1-1     2023-11-28 [2] CRAN (R 4.4.0)
 dplyr                  1.1.4     2023-11-17 [2] CRAN (R 4.4.0)
 dqrng                  0.4.1     2024-05-28 [2] CRAN (R 4.4.0)
 DT                     0.33      2024-04-04 [2] CRAN (R 4.4.0)
 edgeR                  4.2.1     2024-07-14 [2] Bioconductor 3.19 (R 4.4.0)
 ExperimentHub          2.12.0    2024-04-30 [2] Bioconductor 3.19 (R 4.4.0)
 fansi                  1.0.6     2023-12-08 [2] CRAN (R 4.4.0)
 fastmap                1.2.0     2024-05-15 [2] CRAN (R 4.4.0)
 fields                 16.2      2024-06-27 [2] CRAN (R 4.4.0)
 filelock               1.0.3     2023-12-11 [2] CRAN (R 4.4.0)
 foreach                1.5.2     2022-02-02 [2] CRAN (R 4.4.0)
 generics               0.1.3     2022-07-05 [2] CRAN (R 4.4.0)
 GenomeInfoDb         * 1.40.1    2024-05-24 [2] Bioconductor 3.19 (R 4.4.0)
 GenomeInfoDbData       1.2.12    2024-05-23 [2] Bioconductor
 GenomicAlignments      1.40.0    2024-04-30 [2] Bioconductor 3.19 (R 4.4.0)
 GenomicRanges        * 1.56.1    2024-06-12 [2] Bioconductor 3.19 (R 4.4.0)
 ggbeeswarm             0.7.2     2023-04-29 [2] CRAN (R 4.4.0)
 ggplot2                3.5.1     2024-04-23 [2] CRAN (R 4.4.0)
 ggrepel                0.9.5     2024-01-10 [2] CRAN (R 4.4.0)
 glue                   1.7.0     2024-01-09 [2] CRAN (R 4.4.0)
 golem                  0.4.1     2023-06-05 [2] CRAN (R 4.4.0)
 gridExtra              2.3       2017-09-09 [2] CRAN (R 4.4.0)
 gtable                 0.3.5     2024-04-22 [2] CRAN (R 4.4.0)
 here                 * 1.0.1     2020-12-13 [2] CRAN (R 4.4.0)
 htmltools              0.5.8.1   2024-04-04 [2] CRAN (R 4.4.0)
 htmlwidgets            1.6.4     2023-12-06 [2] CRAN (R 4.4.0)
 httpuv                 1.6.15    2024-03-26 [2] CRAN (R 4.4.0)
 httr                   1.4.7     2023-08-15 [2] CRAN (R 4.4.0)
 igraph                 2.0.3     2024-03-13 [2] CRAN (R 4.4.0)
 IRanges              * 2.38.1    2024-07-03 [2] Bioconductor 3.19 (R 4.4.0)
 irlba                  2.3.5.1   2022-10-03 [2] CRAN (R 4.4.0)
 iterators              1.0.14    2022-02-05 [2] CRAN (R 4.4.0)
 jquerylib              0.1.4     2021-04-26 [2] CRAN (R 4.4.0)
 jsonlite               1.8.8     2023-12-04 [2] CRAN (R 4.4.0)
 KEGGREST               1.44.1    2024-06-19 [2] Bioconductor 3.19 (R 4.4.0)
 later                  1.3.2     2023-12-06 [2] CRAN (R 4.4.0)
 lattice                0.22-6    2024-03-20 [3] CRAN (R 4.4.0)
 lazyeval               0.2.2     2019-03-15 [2] CRAN (R 4.4.0)
 lifecycle              1.0.4     2023-11-07 [2] CRAN (R 4.4.0)
 limma                  3.60.4    2024-07-17 [2] Bioconductor 3.19 (R 4.4.0)
 locfit                 1.5-9.10  2024-06-24 [2] CRAN (R 4.4.0)
 magick                 2.8.4     2024-07-14 [2] CRAN (R 4.4.0)
 magrittr               2.0.3     2022-03-30 [2] CRAN (R 4.4.0)
 maps                   3.4.2     2023-12-15 [2] CRAN (R 4.4.0)
 Matrix                 1.7-0     2024-04-26 [3] CRAN (R 4.4.0)
 MatrixGenerics       * 1.16.0    2024-04-30 [2] Bioconductor 3.19 (R 4.4.0)
 matrixStats          * 1.3.0     2024-04-11 [2] CRAN (R 4.4.0)
 memoise                2.0.1     2021-11-26 [2] CRAN (R 4.4.0)
 metapod                1.12.0    2024-04-30 [2] Bioconductor 3.19 (R 4.4.0)
 mime                   0.12      2021-09-28 [2] CRAN (R 4.4.0)
 munsell                0.5.1     2024-04-01 [2] CRAN (R 4.4.0)
 paletteer              1.6.0     2024-01-21 [2] CRAN (R 4.4.0)
 pillar                 1.9.0     2023-03-22 [2] CRAN (R 4.4.0)
 pkgconfig              2.0.3     2019-09-22 [2] CRAN (R 4.4.0)
 plotly                 4.10.4    2024-01-13 [2] CRAN (R 4.4.0)
 png                    0.1-8     2022-11-29 [2] CRAN (R 4.4.0)
 promises               1.3.0     2024-04-05 [2] CRAN (R 4.4.0)
 purrr                  1.0.2     2023-08-10 [2] CRAN (R 4.4.0)
 R6                     2.5.1     2021-08-19 [2] CRAN (R 4.4.0)
 rafalib                1.0.0     2015-08-09 [1] CRAN (R 4.4.0)
 rappdirs               0.3.3     2021-01-31 [2] CRAN (R 4.4.0)
 RColorBrewer           1.1-3     2022-04-03 [2] CRAN (R 4.4.0)
 Rcpp                   1.0.13    2024-07-17 [2] CRAN (R 4.4.0)
 RCurl                  1.98-1.16 2024-07-11 [2] CRAN (R 4.4.0)
 rematch2               2.1.2     2020-05-01 [2] CRAN (R 4.4.0)
 restfulr               0.0.15    2022-06-16 [2] CRAN (R 4.4.0)
 rjson                  0.2.21    2022-01-09 [2] CRAN (R 4.4.0)
 rlang                  1.1.4     2024-06-04 [2] CRAN (R 4.4.0)
 rprojroot              2.0.4     2023-11-05 [2] CRAN (R 4.4.0)
 Rsamtools              2.20.0    2024-04-30 [2] Bioconductor 3.19 (R 4.4.0)
 RSQLite                2.3.7     2024-05-27 [2] CRAN (R 4.4.0)
 rsvd                   1.0.5     2021-04-16 [2] CRAN (R 4.4.0)
 rtracklayer            1.64.0    2024-04-30 [2] Bioconductor 3.19 (R 4.4.0)
 S4Arrays               1.4.1     2024-05-20 [2] Bioconductor 3.19 (R 4.4.0)
 S4Vectors            * 0.42.1    2024-07-03 [2] Bioconductor 3.19 (R 4.4.0)
 sass                   0.4.9     2024-03-15 [2] CRAN (R 4.4.0)
 ScaledMatrix           1.12.0    2024-04-30 [2] Bioconductor 3.19 (R 4.4.0)
 scales                 1.3.0     2023-11-28 [2] CRAN (R 4.4.0)
 scater                 1.32.1    2024-07-21 [2] Bioconductor 3.19 (R 4.4.0)
 scran                  1.32.0    2024-04-30 [2] Bioconductor 3.19 (R 4.4.0)
 scuttle                1.14.0    2024-04-30 [2] Bioconductor 3.19 (R 4.4.0)
 sessioninfo          * 1.2.2     2021-12-06 [2] CRAN (R 4.4.0)
 shiny                  1.9.1     2024-08-01 [2] CRAN (R 4.4.0)
 shinyWidgets           0.8.6     2024-04-24 [2] CRAN (R 4.4.0)
 SingleCellExperiment * 1.26.0    2024-04-30 [2] Bioconductor 3.19 (R 4.4.0)
 spam                   2.10-0    2023-10-23 [2] CRAN (R 4.4.0)
 SparseArray            1.4.8     2024-05-24 [2] Bioconductor 3.19 (R 4.4.0)
 sparseMatrixStats      1.16.0    2024-04-30 [2] Bioconductor 3.19 (R 4.4.0)
 SpatialExperiment      1.14.0    2024-05-01 [2] Bioconductor 3.19 (R 4.4.0)
 spatialLIBD            1.16.2    2024-05-28 [2] Bioconductor 3.19 (R 4.4.0)
 statmod                1.5.0     2023-01-06 [2] CRAN (R 4.4.0)
 stringi                1.8.4     2024-05-06 [2] CRAN (R 4.4.0)
 stringr                1.5.1     2023-11-14 [2] CRAN (R 4.4.0)
 SummarizedExperiment * 1.34.0    2024-05-01 [2] Bioconductor 3.19 (R 4.4.0)
 tibble                 3.2.1     2023-03-20 [2] CRAN (R 4.4.0)
 tidyr                  1.3.1     2024-01-24 [2] CRAN (R 4.4.0)
 tidyselect             1.2.1     2024-03-11 [2] CRAN (R 4.4.0)
 UCSC.utils             1.0.0     2024-04-30 [2] Bioconductor 3.19 (R 4.4.0)
 utf8                   1.2.4     2023-10-22 [2] CRAN (R 4.4.0)
 vctrs                  0.6.5     2023-12-01 [2] CRAN (R 4.4.0)
 vipor                  0.4.7     2023-12-18 [2] CRAN (R 4.4.0)
 viridis                0.6.5     2024-01-29 [2] CRAN (R 4.4.0)
 viridisLite            0.4.2     2023-05-02 [2] CRAN (R 4.4.0)
 XML                    3.99-0.17 2024-06-25 [2] CRAN (R 4.4.0)
 xtable                 1.8-4     2019-04-21 [2] CRAN (R 4.4.0)
 XVector                0.44.0    2024-04-30 [2] Bioconductor 3.19 (R 4.4.0)
 yaml                   2.3.10    2024-07-26 [2] CRAN (R 4.4.0)
 zlibbioc               1.50.0    2024-04-30 [2] Bioconductor 3.19 (R 4.4.0)

 [1] /users/rphillip/R/4.4
 [2] /jhpce/shared/community/core/conda_R/4.4/R/lib64/R/site-library
 [3] /jhpce/shared/community/core/conda_R/4.4/R/lib64/R/library

──────────────────────────────────────────────────────────────────────────────────────────────────────────────────────
********* Job Ends *********
Fri Aug 30 02:55:26 PM EDT 2024
