********* Job Starts *********
Sat Aug 17 10:46:45 PM EDT 2024
Loading conda_R/4.4

Currently Loaded Modules:
  1) JHPCE_ROCKY9_DEFAULT_ENV   3) conda/3-24.3.0
  2) JHPCE_tools/3.0            4) conda_R/4.4

 

Loading required package: SummarizedExperiment
Loading required package: MatrixGenerics
Loading required package: matrixStats

Attaching package: ‘MatrixGenerics’

The following objects are masked from ‘package:matrixStats’:

    colAlls, colAnyNAs, colAnys, colAvgsPerRowSet, colCollapse,
    colCounts, colCummaxs, colCummins, colCumprods, colCumsums,
    colDiffs, colIQRDiffs, colIQRs, colLogSumExps, colMadDiffs,
    colMads, colMaxs, colMeans2, colMedians, colMins, colOrderStats,
    colProds, colQuantiles, colRanges, colRanks, colSdDiffs, colSds,
    colSums2, colTabulates, colVarDiffs, colVars, colWeightedMads,
    colWeightedMeans, colWeightedMedians, colWeightedSds,
    colWeightedVars, rowAlls, rowAnyNAs, rowAnys, rowAvgsPerColSet,
    rowCollapse, rowCounts, rowCummaxs, rowCummins, rowCumprods,
    rowCumsums, rowDiffs, rowIQRDiffs, rowIQRs, rowLogSumExps,
    rowMadDiffs, rowMads, rowMaxs, rowMeans2, rowMedians, rowMins,
    rowOrderStats, rowProds, rowQuantiles, rowRanges, rowRanks,
    rowSdDiffs, rowSds, rowSums2, rowTabulates, rowVarDiffs, rowVars,
    rowWeightedMads, rowWeightedMeans, rowWeightedMedians,
    rowWeightedSds, rowWeightedVars

Loading required package: GenomicRanges
Loading required package: stats4
Loading required package: BiocGenerics

Attaching package: ‘BiocGenerics’

The following objects are masked from ‘package:stats’:

    IQR, mad, sd, var, xtabs

The following objects are masked from ‘package:base’:

    anyDuplicated, aperm, append, as.data.frame, basename, cbind,
    colnames, dirname, do.call, duplicated, eval, evalq, Filter, Find,
    get, grep, grepl, intersect, is.unsorted, lapply, Map, mapply,
    match, mget, order, paste, pmax, pmax.int, pmin, pmin.int,
    Position, rank, rbind, Reduce, rownames, sapply, setdiff, table,
    tapply, union, unique, unsplit, which.max, which.min

Loading required package: S4Vectors

Attaching package: ‘S4Vectors’

The following object is masked from ‘package:utils’:

    findMatches

The following objects are masked from ‘package:base’:

    expand.grid, I, unname

Loading required package: IRanges
Loading required package: GenomeInfoDb
Loading required package: Biobase
Welcome to Bioconductor

    Vignettes contain introductory material; view with
    'browseVignettes()'. To cite Bioconductor, see
    'citation("Biobase")', and for packages 'citation("pkgname")'.


Attaching package: ‘Biobase’

The following object is masked from ‘package:MatrixGenerics’:

    rowMedians

The following objects are masked from ‘package:matrixStats’:

    anyMissing, rowMedians

here() starts at /dcs04/lieber/marmaypag/ls_molecular-profiling_LIBD1070/ls_molecular-profiling
── Attaching core tidyverse packages ──────────────────────── tidyverse 2.0.0 ──
✔ dplyr     1.1.4     ✔ readr     2.1.5
✔ forcats   1.0.0     ✔ stringr   1.5.1
✔ lubridate 1.9.3     ✔ tibble    3.2.1
✔ purrr     1.0.2     ✔ tidyr     1.3.1
── Conflicts ────────────────────────────────────────── tidyverse_conflicts() ──
✖ lubridate::%within%() masks IRanges::%within%()
✖ dplyr::collapse()     masks IRanges::collapse()
✖ dplyr::combine()      masks Biobase::combine(), BiocGenerics::combine()
✖ dplyr::count()        masks matrixStats::count()
✖ dplyr::desc()         masks IRanges::desc()
✖ tidyr::expand()       masks S4Vectors::expand()
✖ dplyr::filter()       masks stats::filter()
✖ dplyr::first()        masks S4Vectors::first()
✖ dplyr::lag()          masks stats::lag()
✖ ggplot2::Position()   masks BiocGenerics::Position(), base::Position()
✖ purrr::reduce()       masks GenomicRanges::reduce(), IRanges::reduce()
✖ dplyr::rename()       masks S4Vectors::rename()
✖ lubridate::second()   masks S4Vectors::second()
✖ lubridate::second<-() masks S4Vectors::second<-()
✖ dplyr::slice()        masks IRanges::slice()
ℹ Use the conflicted package (<http://conflicted.r-lib.org/>) to force all conflicts to become errors
[1] "/dcs04/lieber/marmaypag/ls_molecular-profiling_LIBD1070/ls_molecular-profiling"
Loading objects:
  sce
class: SingleCellExperiment 
dim: 36601 4909214 
metadata(1): Samples
assays(1): counts
rownames(36601): ENSG00000243485 ENSG00000237613 ... ENSG00000278817
  ENSG00000277196
rowData names(6): source type ... gene_name gene_type
colnames(4909214): 1_AAACCCAAGAAACCAT-1 1_AAACCCAAGAAACCCA-1 ...
  3_TTTGTTGTCTTTGCGC-1 3_TTTGTTGTCTTTGGAG-1
colData names(34): Sample Barcode ... Median_Genes_per_Cell
  Raw_data_path
reducedDimNames(0):
mainExpName: NULL
altExpNames(0):
[1] TRUE
[1] "Subsetting for sample 1c_LS_SCP"
[1] "Ranking barcodes for sample 1c_LS_SCP"
'First knee point' = 207
knee_highest =7.00000000000003
'Second knee point' = 207
knee_higher =107
'Third knee point' = 207
knee =207
'Fourth knee point' = 207
knee_lower =307
'Fifth knee point' = 207
knee_lowest =407
[1] "Starting emptyDrops"
[1] "Done - saving data"
       Limited
Signif    FALSE    TRUE    <NA>     Sum
  FALSE   10707       0       0   10707
  TRUE      151    4401       0    4552
  <NA>        0       0 2078128 2078128
  Sum     10858    4401 2078128 2093387
Non-empty: 4552
Saving 7 x 7 in image
[1] "Subsetting for sample 2c_LS_SCP"
[1] "Ranking barcodes for sample 2c_LS_SCP"
'First knee point' = 107
knee_highest =-93
'Second knee point' = 107
knee_higher =7.00000000000001
'Third knee point' = 107
knee =107
'Fourth knee point' = 107
knee_lower =207
'Fifth knee point' = 107
knee_lowest =307
[1] "Starting emptyDrops"
[1] "Done - saving data"
       Limited
Signif    FALSE    TRUE    <NA>     Sum
  FALSE    3457       0       0    3457
  TRUE      268    3432       0    3700
  <NA>        0       0 1385078 1385078
  Sum      3725    3432 1385078 1392235
Non-empty: 3700
Saving 7 x 7 in image
[1] "Subsetting for sample 3c_LS_SCP"
[1] "Ranking barcodes for sample 3c_LS_SCP"
'First knee point' = 107
knee_highest =-93
'Second knee point' = 107
knee_higher =7.00000000000001
'Third knee point' = 107
knee =107
'Fourth knee point' = 107
knee_lower =207
'Fifth knee point' = 107
knee_lowest =307
[1] "Starting emptyDrops"
[1] "Done - saving data"
       Limited
Signif    FALSE    TRUE    <NA>     Sum
  FALSE    3708       0       0    3708
  TRUE      320    2895       0    3215
  <NA>        0       0 1416669 1416669
  Sum      4028    2895 1416669 1423592
Non-empty: 3215
Saving 7 x 7 in image
There were 15 warnings (use warnings() to see them)
[1] "Reproducibility information:"
[1] "2024-08-17 23:00:17 EDT"
   user  system elapsed 
803.176   5.509 811.056 
─ Session info ───────────────────────────────────────────────────────────────────────────────────────────────────────
 setting  value
 version  R version 4.4.0 Patched (2024-05-22 r86590)
 os       Rocky Linux 9.4 (Blue Onyx)
 system   x86_64, linux-gnu
 ui       X11
 language (EN)
 collate  en_US.UTF-8
 ctype    en_US.UTF-8
 tz       US/Eastern
 date     2024-08-17
 pandoc   3.1.13 @ /jhpce/shared/community/core/conda_R/4.4/bin/pandoc

─ Packages ───────────────────────────────────────────────────────────────────────────────────────────────────────────
 package              * version  date (UTC) lib source
 abind                  1.4-5    2016-07-21 [2] CRAN (R 4.4.0)
 beachmat               2.20.0   2024-04-30 [2] Bioconductor 3.19 (R 4.4.0)
 Biobase              * 2.64.0   2024-04-30 [2] Bioconductor 3.19 (R 4.4.0)
 BiocGenerics         * 0.50.0   2024-04-30 [2] Bioconductor 3.19 (R 4.4.0)
 BiocParallel           1.38.0   2024-04-30 [2] Bioconductor 3.19 (R 4.4.0)
 cli                    3.6.3    2024-06-21 [2] CRAN (R 4.4.0)
 codetools              0.2-20   2024-03-31 [3] CRAN (R 4.4.0)
 colorspace             2.1-1    2024-07-26 [2] CRAN (R 4.4.0)
 crayon                 1.5.3    2024-06-20 [2] CRAN (R 4.4.0)
 DelayedArray           0.30.1   2024-05-07 [2] Bioconductor 3.19 (R 4.4.0)
 DelayedMatrixStats     1.26.0   2024-04-30 [2] Bioconductor 3.19 (R 4.4.0)
 dplyr                * 1.1.4    2023-11-17 [2] CRAN (R 4.4.0)
 dqrng                  0.4.1    2024-05-28 [2] CRAN (R 4.4.0)
 DropletUtils         * 1.24.0   2024-04-30 [2] Bioconductor 3.19 (R 4.4.0)
 edgeR                  4.2.1    2024-07-14 [2] Bioconductor 3.19 (R 4.4.0)
 fansi                  1.0.6    2023-12-08 [2] CRAN (R 4.4.0)
 farver                 2.1.2    2024-05-13 [2] CRAN (R 4.4.0)
 forcats              * 1.0.0    2023-01-29 [2] CRAN (R 4.4.0)
 generics               0.1.3    2022-07-05 [2] CRAN (R 4.4.0)
 GenomeInfoDb         * 1.40.1   2024-05-24 [2] Bioconductor 3.19 (R 4.4.0)
 GenomeInfoDbData       1.2.12   2024-05-23 [2] Bioconductor
 GenomicRanges        * 1.56.1   2024-06-12 [2] Bioconductor 3.19 (R 4.4.0)
 ggplot2              * 3.5.1    2024-04-23 [2] CRAN (R 4.4.0)
 glue                   1.7.0    2024-01-09 [2] CRAN (R 4.4.0)
 gtable                 0.3.5    2024-04-22 [2] CRAN (R 4.4.0)
 HDF5Array              1.32.1   2024-08-11 [2] Bioconductor 3.19 (R 4.4.0)
 here                 * 1.0.1    2020-12-13 [2] CRAN (R 4.4.0)
 hms                    1.1.3    2023-03-21 [2] CRAN (R 4.4.0)
 httr                   1.4.7    2023-08-15 [2] CRAN (R 4.4.0)
 IRanges              * 2.38.1   2024-07-03 [2] Bioconductor 3.19 (R 4.4.0)
 jsonlite               1.8.8    2023-12-04 [2] CRAN (R 4.4.0)
 lattice                0.22-6   2024-03-20 [3] CRAN (R 4.4.0)
 lifecycle              1.0.4    2023-11-07 [2] CRAN (R 4.4.0)
 limma                  3.60.4   2024-07-17 [2] Bioconductor 3.19 (R 4.4.0)
 locfit                 1.5-9.10 2024-06-24 [2] CRAN (R 4.4.0)
 lubridate            * 1.9.3    2023-09-27 [2] CRAN (R 4.4.0)
 magrittr               2.0.3    2022-03-30 [2] CRAN (R 4.4.0)
 Matrix                 1.7-0    2024-04-26 [3] CRAN (R 4.4.0)
 MatrixGenerics       * 1.16.0   2024-04-30 [2] Bioconductor 3.19 (R 4.4.0)
 matrixStats          * 1.3.0    2024-04-11 [2] CRAN (R 4.4.0)
 munsell                0.5.1    2024-04-01 [2] CRAN (R 4.4.0)
 pillar                 1.9.0    2023-03-22 [2] CRAN (R 4.4.0)
 pkgconfig              2.0.3    2019-09-22 [2] CRAN (R 4.4.0)
 purrr                * 1.0.2    2023-08-10 [2] CRAN (R 4.4.0)
 R.methodsS3            1.8.2    2022-06-13 [2] CRAN (R 4.4.0)
 R.oo                   1.26.0   2024-01-24 [2] CRAN (R 4.4.0)
 R.utils                2.12.3   2023-11-18 [2] CRAN (R 4.4.0)
 R6                     2.5.1    2021-08-19 [2] CRAN (R 4.4.0)
 ragg                   1.3.2    2024-05-15 [2] CRAN (R 4.4.0)
 Rcpp                   1.0.13   2024-07-17 [2] CRAN (R 4.4.0)
 readr                * 2.1.5    2024-01-10 [2] CRAN (R 4.4.0)
 rhdf5                  2.48.0   2024-04-30 [2] Bioconductor 3.19 (R 4.4.0)
 rhdf5filters           1.16.0   2024-04-30 [2] Bioconductor 3.19 (R 4.4.0)
 Rhdf5lib               1.26.0   2024-04-30 [2] Bioconductor 3.19 (R 4.4.0)
 rlang                  1.1.4    2024-06-04 [2] CRAN (R 4.4.0)
 rprojroot              2.0.4    2023-11-05 [2] CRAN (R 4.4.0)
 S4Arrays               1.4.1    2024-05-20 [2] Bioconductor 3.19 (R 4.4.0)
 S4Vectors            * 0.42.1   2024-07-03 [2] Bioconductor 3.19 (R 4.4.0)
 scales                 1.3.0    2023-11-28 [2] CRAN (R 4.4.0)
 scuttle              * 1.14.0   2024-04-30 [2] Bioconductor 3.19 (R 4.4.0)
 sessioninfo          * 1.2.2    2021-12-06 [2] CRAN (R 4.4.0)
 SingleCellExperiment * 1.26.0   2024-04-30 [2] Bioconductor 3.19 (R 4.4.0)
 SparseArray            1.4.8    2024-05-24 [2] Bioconductor 3.19 (R 4.4.0)
 sparseMatrixStats      1.16.0   2024-04-30 [2] Bioconductor 3.19 (R 4.4.0)
 statmod                1.5.0    2023-01-06 [2] CRAN (R 4.4.0)
 stringi                1.8.4    2024-05-06 [2] CRAN (R 4.4.0)
 stringr              * 1.5.1    2023-11-14 [2] CRAN (R 4.4.0)
 SummarizedExperiment * 1.34.0   2024-05-01 [2] Bioconductor 3.19 (R 4.4.0)
 systemfonts            1.1.0    2024-05-15 [2] CRAN (R 4.4.0)
 textshaping            0.4.0    2024-05-24 [2] CRAN (R 4.4.0)
 tibble               * 3.2.1    2023-03-20 [2] CRAN (R 4.4.0)
 tidyr                * 1.3.1    2024-01-24 [2] CRAN (R 4.4.0)
 tidyselect             1.2.1    2024-03-11 [2] CRAN (R 4.4.0)
 tidyverse            * 2.0.0    2023-02-22 [2] CRAN (R 4.4.0)
 timechange             0.3.0    2024-01-18 [2] CRAN (R 4.4.0)
 tzdb                   0.4.0    2023-05-12 [2] CRAN (R 4.4.0)
 UCSC.utils             1.0.0    2024-04-30 [2] Bioconductor 3.19 (R 4.4.0)
 utf8                   1.2.4    2023-10-22 [2] CRAN (R 4.4.0)
 vctrs                  0.6.5    2023-12-01 [2] CRAN (R 4.4.0)
 withr                  3.0.1    2024-07-31 [2] CRAN (R 4.4.0)
 XVector                0.44.0   2024-04-30 [2] Bioconductor 3.19 (R 4.4.0)
 zlibbioc               1.50.0   2024-04-30 [2] Bioconductor 3.19 (R 4.4.0)

 [1] /users/rphillip/R/4.4
 [2] /jhpce/shared/community/core/conda_R/4.4/R/lib64/R/site-library
 [3] /jhpce/shared/community/core/conda_R/4.4/R/lib64/R/library

──────────────────────────────────────────────────────────────────────────────────────────────────────────────────────
********* Job Ends *********
Sat Aug 17 11:00:18 PM EDT 2024
