********* Job Starts *********
Sat Aug 17 11:03:17 PM EDT 2024
Loading conda_R/4.4

Currently Loaded Modules:
  1) JHPCE_ROCKY9_DEFAULT_ENV   3) conda/3-24.3.0
  2) JHPCE_tools/3.0            4) conda_R/4.4

 

Loading required package: SummarizedExperiment
Loading required package: MatrixGenerics
Loading required package: matrixStats

Attaching package: ‘MatrixGenerics’

The following objects are masked from ‘package:matrixStats’:

    colAlls, colAnyNAs, colAnys, colAvgsPerRowSet, colCollapse,
    colCounts, colCummaxs, colCummins, colCumprods, colCumsums,
    colDiffs, colIQRDiffs, colIQRs, colLogSumExps, colMadDiffs,
    colMads, colMaxs, colMeans2, colMedians, colMins, colOrderStats,
    colProds, colQuantiles, colRanges, colRanks, colSdDiffs, colSds,
    colSums2, colTabulates, colVarDiffs, colVars, colWeightedMads,
    colWeightedMeans, colWeightedMedians, colWeightedSds,
    colWeightedVars, rowAlls, rowAnyNAs, rowAnys, rowAvgsPerColSet,
    rowCollapse, rowCounts, rowCummaxs, rowCummins, rowCumprods,
    rowCumsums, rowDiffs, rowIQRDiffs, rowIQRs, rowLogSumExps,
    rowMadDiffs, rowMads, rowMaxs, rowMeans2, rowMedians, rowMins,
    rowOrderStats, rowProds, rowQuantiles, rowRanges, rowRanks,
    rowSdDiffs, rowSds, rowSums2, rowTabulates, rowVarDiffs, rowVars,
    rowWeightedMads, rowWeightedMeans, rowWeightedMedians,
    rowWeightedSds, rowWeightedVars

Loading required package: GenomicRanges
Loading required package: stats4
Loading required package: BiocGenerics

Attaching package: ‘BiocGenerics’

The following objects are masked from ‘package:stats’:

    IQR, mad, sd, var, xtabs

The following objects are masked from ‘package:base’:

    anyDuplicated, aperm, append, as.data.frame, basename, cbind,
    colnames, dirname, do.call, duplicated, eval, evalq, Filter, Find,
    get, grep, grepl, intersect, is.unsorted, lapply, Map, mapply,
    match, mget, order, paste, pmax, pmax.int, pmin, pmin.int,
    Position, rank, rbind, Reduce, rownames, sapply, setdiff, table,
    tapply, union, unique, unsplit, which.max, which.min

Loading required package: S4Vectors

Attaching package: ‘S4Vectors’

The following object is masked from ‘package:utils’:

    findMatches

The following objects are masked from ‘package:base’:

    expand.grid, I, unname

Loading required package: IRanges
Loading required package: GenomeInfoDb
Loading required package: Biobase
Welcome to Bioconductor

    Vignettes contain introductory material; view with
    'browseVignettes()'. To cite Bioconductor, see
    'citation("Biobase")', and for packages 'citation("pkgname")'.


Attaching package: ‘Biobase’

The following object is masked from ‘package:MatrixGenerics’:

    rowMedians

The following objects are masked from ‘package:matrixStats’:

    anyMissing, rowMedians

here() starts at /dcs04/lieber/marmaypag/ls_molecular-profiling_LIBD1070/ls_molecular-profiling

Attaching package: ‘purrr’

The following object is masked from ‘package:GenomicRanges’:

    reduce

The following object is masked from ‘package:IRanges’:

    reduce


Attaching package: ‘dplyr’

The following object is masked from ‘package:Biobase’:

    combine

The following objects are masked from ‘package:GenomicRanges’:

    intersect, setdiff, union

The following object is masked from ‘package:GenomeInfoDb’:

    intersect

The following objects are masked from ‘package:IRanges’:

    collapse, desc, intersect, setdiff, slice, union

The following objects are masked from ‘package:S4Vectors’:

    first, intersect, rename, setdiff, setequal, union

The following objects are masked from ‘package:BiocGenerics’:

    combine, intersect, setdiff, union

The following object is masked from ‘package:matrixStats’:

    count

The following objects are masked from ‘package:stats’:

    filter, lag

The following objects are masked from ‘package:base’:

    intersect, setdiff, setequal, union


Attaching package: ‘tidyr’

The following object is masked from ‘package:S4Vectors’:

    expand

$`1c_LS_SCP`

FALSE 
15259 

$`2c_LS_SCP`

FALSE 
 7157 

$`3c_LS_SCP`

FALSE 
 6923 

$`1c_LS_SCP`
       Limited
Signif    FALSE    TRUE    <NA>     Sum
  FALSE   10707       0       0   10707
  TRUE      151    4401       0    4552
  <NA>        0       0 2078128 2078128
  Sum     10858    4401 2078128 2093387

$`2c_LS_SCP`
       Limited
Signif    FALSE    TRUE    <NA>     Sum
  FALSE    3457       0       0    3457
  TRUE      268    3432       0    3700
  <NA>        0       0 1385078 1385078
  Sum      3725    3432 1385078 1392235

$`3c_LS_SCP`
       Limited
Signif    FALSE    TRUE    <NA>     Sum
  FALSE    3708       0       0    3708
  TRUE      320    2895       0    3215
  <NA>        0       0 1416669 1416669
  Sum      4028    2895 1416669 1423592

1c_LS_SCP 2c_LS_SCP 3c_LS_SCP 
      307       207       207 
Joining with `by = join_by(ind)`
Joining with `by = join_by(ind)`
     Sample total_drops non_empty knee_lower
1 1c_LS_SCP     2093387      4552        307
2 2c_LS_SCP     1392235      3700        207
3 3c_LS_SCP     1423592      3215        207
Saving 7 x 7 in image
Loading objects:
  sce
class: SingleCellExperiment 
dim: 36601 4909214 
metadata(1): Samples
assays(1): counts
rownames(36601): ENSG00000243485 ENSG00000237613 ... ENSG00000278817
  ENSG00000277196
rowData names(6): source type ... gene_name gene_type
colnames(4909214): 1_AAACCCAAGAAACCAT-1 1_AAACCCAAGAAACCCA-1 ...
  3_TTTGTTGTCTTTGCGC-1 3_TTTGTTGTCTTTGGAG-1
colData names(34): Sample Barcode ... Median_Genes_per_Cell
  Raw_data_path
reducedDimNames(0):
mainExpName: NULL
altExpNames(0):
[1]   36601 4909214
[1] 36601 11467
Saving 7 x 7 in image
Saving 7 x 7 in image
Saving 7 x 7 in image
Saving 7 x 7 in image
High mito 1
           
            FALSE TRUE
  1c_LS_SCP  3380 1172
  2c_LS_SCP  2656 1044
  3c_LS_SCP  2263  952
High mito 2
           
            FALSE TRUE
  1c_LS_SCP  3870  682
  2c_LS_SCP  3221  479
  3c_LS_SCP  2745  470
High mito 3
           
            FALSE TRUE
  1c_LS_SCP  4114  438
  2c_LS_SCP  3469  231
  3c_LS_SCP  2997  218
Saving 7 x 7 in image
Saving 7 x 7 in image
Saving 7 x 7 in image
Summary of Mito percentage QC
   Min. 1st Qu.  Median    Mean 3rd Qu.    Max. 
 0.0000  0.1296  0.3739  1.1545  1.4933 29.9964 
How many nuclei thrown out with percentage > 5?
Saving 7 x 7 in image
Saving 7 x 7 in image
Low lib size  1
           
            FALSE TRUE
  1c_LS_SCP  3181 1371
  2c_LS_SCP  2849  851
  3c_LS_SCP  2457  758
Low lib size 2
           
            FALSE TRUE
  1c_LS_SCP  3858  694
  2c_LS_SCP  3412  288
  3c_LS_SCP  2646  569
Low lib size  3
           
            FALSE TRUE
  1c_LS_SCP  4336  216
  2c_LS_SCP  3700    0
  3c_LS_SCP  3152   63
Saving 7 x 7 in image
Saving 7 x 7 in image
Saving 7 x 7 in image
Saving 7 x 7 in image
Low genes  1
           
            FALSE TRUE
  1c_LS_SCP  3084 1468
  2c_LS_SCP  2818  882
  3c_LS_SCP  2439  776
Low genes 2
           
            FALSE TRUE
  1c_LS_SCP  3534 1018
  2c_LS_SCP  3183  517
  3c_LS_SCP  2608  607
Low genes 3
           
            FALSE TRUE
  1c_LS_SCP  3961  591
  2c_LS_SCP  3700    0
  3c_LS_SCP  2887  328
Saving 7 x 7 in image
Saving 7 x 7 in image
Saving 7 x 7 in image
Saving 7 x 7 in image
   Min. 1st Qu.  Median    Mean 3rd Qu.    Max. 
0.00000 0.06194 0.12597 0.21432 0.24457 6.66667 
Sample 1 drop
sample_1_drop
FALSE  TRUE 
 4332   220 
Sample 2 drop
sample_2_drop
FALSE  TRUE 
 2924   776 
       
        FALSE TRUE
  FALSE  3183  229
  TRUE      0  288
Sample 3 drop
sample_3_drop
FALSE  TRUE 
 2551   664 
       
        FALSE TRUE
  FALSE  2646    0
  TRUE    241  328
identical(sce$key,rownames(colData(sce)))
[1] TRUE
Number of total cells discarded

FALSE  TRUE 
 9807  1660 
Percentage of non-empty droplets removed
[1] 14.47632
Sample x discard table
           
            FALSE  TRUE   Sum
  1c_LS_SCP  4332   220  4552
  2c_LS_SCP  2924   776  3700
  3c_LS_SCP  2551   664  3215
  Sum        9807  1660 11467
Percentage of each sample dropped
           
            FALSE  TRUE   Sum
  1c_LS_SCP  95.2   4.8 100.0
  2c_LS_SCP  79.0  21.0 100.0
  3c_LS_SCP  79.3  20.7 100.0
  Sum        85.5  14.5 100.0
doublet score statistics
   Min. 1st Qu.  Median    Mean 3rd Qu.    Max. 
 0.0000  0.1730  0.3996  0.5438  0.6660 17.7661 
Saving 7 x 7 in image
Saving 7 x 7 in image
# A tibble: 3 × 5
  Sample    median   q95  drop drop_precent
  <chr>      <dbl> <dbl> <int>        <dbl>
1 1c_LS_SCP  0.282 0.992    31        0.681
2 2c_LS_SCP  0.496 1.37     18        0.486
3 3c_LS_SCP  0.521 1.20     41        1.28 
       
        FALSE TRUE
  FALSE  9726   81
  TRUE   1651    9
Loading objects:
  low_quality_nuclei
How many low quality nuclei identified?
[1] 582
How many total nuclei removed?

FALSE  TRUE 
 9225  2242 
Dimensions of QCed object
[1] 36601  9225
class: SingleCellExperiment 
dim: 36601 9225 
metadata(1): Samples
assays(1): counts
rownames(36601): ENSG00000243485 ENSG00000237613 ... ENSG00000278817
  ENSG00000277196
rowData names(6): source type ... gene_name gene_type
colnames(9225): 1_AAACCCACAGCGTTGC-1 1_AAACCCACATGGCGCT-1 ...
  3_TTTGGTTTCTTCGACC-1 3_TTTGTTGTCCCGATCT-1
colData names(52): Sample Barcode ... discard_sample_specific
  doubletScore
reducedDimNames(0):
mainExpName: NULL
altExpNames(0):
[1] "Reproducibility information:"
[1] "2024-08-17 23:06:32 EDT"
   user  system elapsed 
188.341   3.687 194.132 
─ Session info ───────────────────────────────────────────────────────────────────────────────────────────────────────
 setting  value
 version  R version 4.4.0 Patched (2024-05-22 r86590)
 os       Rocky Linux 9.4 (Blue Onyx)
 system   x86_64, linux-gnu
 ui       X11
 language (EN)
 collate  en_US.UTF-8
 ctype    en_US.UTF-8
 tz       US/Eastern
 date     2024-08-17
 pandoc   3.1.13 @ /jhpce/shared/community/core/conda_R/4.4/bin/pandoc

─ Packages ───────────────────────────────────────────────────────────────────────────────────────────────────────────
 package              * version   date (UTC) lib source
 abind                  1.4-5     2016-07-21 [2] CRAN (R 4.4.0)
 beachmat               2.20.0    2024-04-30 [2] Bioconductor 3.19 (R 4.4.0)
 beeswarm               0.4.0     2021-06-01 [2] CRAN (R 4.4.0)
 Biobase              * 2.64.0    2024-04-30 [2] Bioconductor 3.19 (R 4.4.0)
 BiocGenerics         * 0.50.0    2024-04-30 [2] Bioconductor 3.19 (R 4.4.0)
 BiocIO                 1.14.0    2024-04-30 [2] Bioconductor 3.19 (R 4.4.0)
 BiocNeighbors          1.22.0    2024-04-30 [2] Bioconductor 3.19 (R 4.4.0)
 BiocParallel           1.38.0    2024-04-30 [2] Bioconductor 3.19 (R 4.4.0)
 BiocSingular           1.20.0    2024-04-30 [2] Bioconductor 3.19 (R 4.4.0)
 Biostrings             2.72.1    2024-06-02 [2] Bioconductor 3.19 (R 4.4.0)
 bitops                 1.0-8     2024-07-29 [2] CRAN (R 4.4.0)
 bluster                1.14.0    2024-04-30 [2] Bioconductor 3.19 (R 4.4.0)
 cli                    3.6.3     2024-06-21 [2] CRAN (R 4.4.0)
 cluster                2.1.6     2023-12-01 [3] CRAN (R 4.4.0)
 codetools              0.2-20    2024-03-31 [3] CRAN (R 4.4.0)
 colorspace             2.1-1     2024-07-26 [2] CRAN (R 4.4.0)
 cowplot                1.1.3     2024-01-22 [2] CRAN (R 4.4.0)
 crayon                 1.5.3     2024-06-20 [2] CRAN (R 4.4.0)
 curl                   5.2.1     2024-03-01 [2] CRAN (R 4.4.0)
 data.table             1.15.4    2024-03-30 [2] CRAN (R 4.4.0)
 DelayedArray           0.30.1    2024-05-07 [2] Bioconductor 3.19 (R 4.4.0)
 DelayedMatrixStats     1.26.0    2024-04-30 [2] Bioconductor 3.19 (R 4.4.0)
 dplyr                * 1.1.4     2023-11-17 [2] CRAN (R 4.4.0)
 dqrng                  0.4.1     2024-05-28 [2] CRAN (R 4.4.0)
 DropletUtils         * 1.24.0    2024-04-30 [2] Bioconductor 3.19 (R 4.4.0)
 edgeR                  4.2.1     2024-07-14 [2] Bioconductor 3.19 (R 4.4.0)
 fansi                  1.0.6     2023-12-08 [2] CRAN (R 4.4.0)
 farver                 2.1.2     2024-05-13 [2] CRAN (R 4.4.0)
 generics               0.1.3     2022-07-05 [2] CRAN (R 4.4.0)
 GenomeInfoDb         * 1.40.1    2024-05-24 [2] Bioconductor 3.19 (R 4.4.0)
 GenomeInfoDbData       1.2.12    2024-05-23 [2] Bioconductor
 GenomicAlignments      1.40.0    2024-04-30 [2] Bioconductor 3.19 (R 4.4.0)
 GenomicRanges        * 1.56.1    2024-06-12 [2] Bioconductor 3.19 (R 4.4.0)
 ggbeeswarm             0.7.2     2023-04-29 [2] CRAN (R 4.4.0)
 ggplot2              * 3.5.1     2024-04-23 [2] CRAN (R 4.4.0)
 ggrepel                0.9.5     2024-01-10 [2] CRAN (R 4.4.0)
 glue                   1.7.0     2024-01-09 [2] CRAN (R 4.4.0)
 gridExtra              2.3       2017-09-09 [2] CRAN (R 4.4.0)
 gtable                 0.3.5     2024-04-22 [2] CRAN (R 4.4.0)
 HDF5Array              1.32.1    2024-08-11 [2] Bioconductor 3.19 (R 4.4.0)
 here                 * 1.0.1     2020-12-13 [2] CRAN (R 4.4.0)
 httr                   1.4.7     2023-08-15 [2] CRAN (R 4.4.0)
 igraph                 2.0.3     2024-03-13 [2] CRAN (R 4.4.0)
 IRanges              * 2.38.1    2024-07-03 [2] Bioconductor 3.19 (R 4.4.0)
 irlba                  2.3.5.1   2022-10-03 [2] CRAN (R 4.4.0)
 jsonlite               1.8.8     2023-12-04 [2] CRAN (R 4.4.0)
 labeling               0.4.3     2023-08-29 [2] CRAN (R 4.4.0)
 lattice                0.22-6    2024-03-20 [3] CRAN (R 4.4.0)
 lifecycle              1.0.4     2023-11-07 [2] CRAN (R 4.4.0)
 limma                  3.60.4    2024-07-17 [2] Bioconductor 3.19 (R 4.4.0)
 locfit                 1.5-9.10  2024-06-24 [2] CRAN (R 4.4.0)
 magrittr               2.0.3     2022-03-30 [2] CRAN (R 4.4.0)
 MASS                   7.3-61    2024-06-13 [3] CRAN (R 4.4.0)
 Matrix                 1.7-0     2024-04-26 [3] CRAN (R 4.4.0)
 MatrixGenerics       * 1.16.0    2024-04-30 [2] Bioconductor 3.19 (R 4.4.0)
 matrixStats          * 1.3.0     2024-04-11 [2] CRAN (R 4.4.0)
 metapod                1.12.0    2024-04-30 [2] Bioconductor 3.19 (R 4.4.0)
 munsell                0.5.1     2024-04-01 [2] CRAN (R 4.4.0)
 pillar                 1.9.0     2023-03-22 [2] CRAN (R 4.4.0)
 pkgconfig              2.0.3     2019-09-22 [2] CRAN (R 4.4.0)
 purrr                * 1.0.2     2023-08-10 [2] CRAN (R 4.4.0)
 R.methodsS3            1.8.2     2022-06-13 [2] CRAN (R 4.4.0)
 R.oo                   1.26.0    2024-01-24 [2] CRAN (R 4.4.0)
 R.utils                2.12.3    2023-11-18 [2] CRAN (R 4.4.0)
 R6                     2.5.1     2021-08-19 [2] CRAN (R 4.4.0)
 rafalib              * 1.0.0     2015-08-09 [1] CRAN (R 4.4.0)
 ragg                   1.3.2     2024-05-15 [2] CRAN (R 4.4.0)
 RColorBrewer           1.1-3     2022-04-03 [2] CRAN (R 4.4.0)
 Rcpp                   1.0.13    2024-07-17 [2] CRAN (R 4.4.0)
 RCurl                  1.98-1.16 2024-07-11 [2] CRAN (R 4.4.0)
 restfulr               0.0.15    2022-06-16 [2] CRAN (R 4.4.0)
 rhdf5                  2.48.0    2024-04-30 [2] Bioconductor 3.19 (R 4.4.0)
 rhdf5filters           1.16.0    2024-04-30 [2] Bioconductor 3.19 (R 4.4.0)
 Rhdf5lib               1.26.0    2024-04-30 [2] Bioconductor 3.19 (R 4.4.0)
 rjson                  0.2.21    2022-01-09 [2] CRAN (R 4.4.0)
 rlang                  1.1.4     2024-06-04 [2] CRAN (R 4.4.0)
 rprojroot              2.0.4     2023-11-05 [2] CRAN (R 4.4.0)
 Rsamtools              2.20.0    2024-04-30 [2] Bioconductor 3.19 (R 4.4.0)
 rsvd                   1.0.5     2021-04-16 [2] CRAN (R 4.4.0)
 rtracklayer            1.64.0    2024-04-30 [2] Bioconductor 3.19 (R 4.4.0)
 S4Arrays               1.4.1     2024-05-20 [2] Bioconductor 3.19 (R 4.4.0)
 S4Vectors            * 0.42.1    2024-07-03 [2] Bioconductor 3.19 (R 4.4.0)
 ScaledMatrix           1.12.0    2024-04-30 [2] Bioconductor 3.19 (R 4.4.0)
 scales                 1.3.0     2023-11-28 [2] CRAN (R 4.4.0)
 scater               * 1.32.1    2024-07-21 [2] Bioconductor 3.19 (R 4.4.0)
 scDblFinder          * 1.18.0    2024-04-30 [1] Bioconductor 3.19 (R 4.4.0)
 scran                * 1.32.0    2024-04-30 [2] Bioconductor 3.19 (R 4.4.0)
 scuttle              * 1.14.0    2024-04-30 [2] Bioconductor 3.19 (R 4.4.0)
 sessioninfo          * 1.2.2     2021-12-06 [2] CRAN (R 4.4.0)
 SingleCellExperiment * 1.26.0    2024-04-30 [2] Bioconductor 3.19 (R 4.4.0)
 SparseArray            1.4.8     2024-05-24 [2] Bioconductor 3.19 (R 4.4.0)
 sparseMatrixStats      1.16.0    2024-04-30 [2] Bioconductor 3.19 (R 4.4.0)
 statmod                1.5.0     2023-01-06 [2] CRAN (R 4.4.0)
 SummarizedExperiment * 1.34.0    2024-05-01 [2] Bioconductor 3.19 (R 4.4.0)
 systemfonts            1.1.0     2024-05-15 [2] CRAN (R 4.4.0)
 textshaping            0.4.0     2024-05-24 [2] CRAN (R 4.4.0)
 tibble                 3.2.1     2023-03-20 [2] CRAN (R 4.4.0)
 tidyr                * 1.3.1     2024-01-24 [2] CRAN (R 4.4.0)
 tidyselect             1.2.1     2024-03-11 [2] CRAN (R 4.4.0)
 UCSC.utils             1.0.0     2024-04-30 [2] Bioconductor 3.19 (R 4.4.0)
 utf8                   1.2.4     2023-10-22 [2] CRAN (R 4.4.0)
 vctrs                  0.6.5     2023-12-01 [2] CRAN (R 4.4.0)
 vipor                  0.4.7     2023-12-18 [2] CRAN (R 4.4.0)
 viridis                0.6.5     2024-01-29 [2] CRAN (R 4.4.0)
 viridisLite            0.4.2     2023-05-02 [2] CRAN (R 4.4.0)
 withr                  3.0.1     2024-07-31 [2] CRAN (R 4.4.0)
 xgboost                1.7.8.1   2024-07-24 [2] CRAN (R 4.4.0)
 XML                    3.99-0.17 2024-06-25 [2] CRAN (R 4.4.0)
 XVector                0.44.0    2024-04-30 [2] Bioconductor 3.19 (R 4.4.0)
 yaml                   2.3.10    2024-07-26 [2] CRAN (R 4.4.0)
 zlibbioc               1.50.0    2024-04-30 [2] Bioconductor 3.19 (R 4.4.0)

 [1] /users/rphillip/R/4.4
 [2] /jhpce/shared/community/core/conda_R/4.4/R/lib64/R/site-library
 [3] /jhpce/shared/community/core/conda_R/4.4/R/lib64/R/library

──────────────────────────────────────────────────────────────────────────────────────────────────────────────────────
********* Job Ends *********
Sat Aug 17 11:06:33 PM EDT 2024
