********* Job Starts *********
Thu Aug 29 09:56:05 AM EDT 2024
Loading conda_R/4.4

Currently Loaded Modules:
  1) JHPCE_ROCKY9_DEFAULT_ENV   3) conda/3-24.3.0
  2) JHPCE_tools/3.0            4) conda_R/4.4

 

Loading required package: SummarizedExperiment
Loading required package: MatrixGenerics
Loading required package: matrixStats

Attaching package: ‘MatrixGenerics’

The following objects are masked from ‘package:matrixStats’:

    colAlls, colAnyNAs, colAnys, colAvgsPerRowSet, colCollapse,
    colCounts, colCummaxs, colCummins, colCumprods, colCumsums,
    colDiffs, colIQRDiffs, colIQRs, colLogSumExps, colMadDiffs,
    colMads, colMaxs, colMeans2, colMedians, colMins, colOrderStats,
    colProds, colQuantiles, colRanges, colRanks, colSdDiffs, colSds,
    colSums2, colTabulates, colVarDiffs, colVars, colWeightedMads,
    colWeightedMeans, colWeightedMedians, colWeightedSds,
    colWeightedVars, rowAlls, rowAnyNAs, rowAnys, rowAvgsPerColSet,
    rowCollapse, rowCounts, rowCummaxs, rowCummins, rowCumprods,
    rowCumsums, rowDiffs, rowIQRDiffs, rowIQRs, rowLogSumExps,
    rowMadDiffs, rowMads, rowMaxs, rowMeans2, rowMedians, rowMins,
    rowOrderStats, rowProds, rowQuantiles, rowRanges, rowRanks,
    rowSdDiffs, rowSds, rowSums2, rowTabulates, rowVarDiffs, rowVars,
    rowWeightedMads, rowWeightedMeans, rowWeightedMedians,
    rowWeightedSds, rowWeightedVars

Loading required package: GenomicRanges
Loading required package: stats4
Loading required package: BiocGenerics

Attaching package: ‘BiocGenerics’

The following objects are masked from ‘package:stats’:

    IQR, mad, sd, var, xtabs

The following objects are masked from ‘package:base’:

    anyDuplicated, aperm, append, as.data.frame, basename, cbind,
    colnames, dirname, do.call, duplicated, eval, evalq, Filter, Find,
    get, grep, grepl, intersect, is.unsorted, lapply, Map, mapply,
    match, mget, order, paste, pmax, pmax.int, pmin, pmin.int,
    Position, rank, rbind, Reduce, rownames, sapply, setdiff, table,
    tapply, union, unique, unsplit, which.max, which.min

Loading required package: S4Vectors

Attaching package: ‘S4Vectors’

The following object is masked from ‘package:utils’:

    findMatches

The following objects are masked from ‘package:base’:

    expand.grid, I, unname

Loading required package: IRanges
Loading required package: GenomeInfoDb
Loading required package: Biobase
Welcome to Bioconductor

    Vignettes contain introductory material; view with
    'browseVignettes()'. To cite Bioconductor, see
    'citation("Biobase")', and for packages 'citation("pkgname")'.


Attaching package: ‘Biobase’

The following object is masked from ‘package:MatrixGenerics’:

    rowMedians

The following objects are masked from ‘package:matrixStats’:

    anyMissing, rowMedians

Loading required package: scuttle

Attaching package: ‘dplyr’

The following object is masked from ‘package:Biobase’:

    combine

The following objects are masked from ‘package:GenomicRanges’:

    intersect, setdiff, union

The following object is masked from ‘package:GenomeInfoDb’:

    intersect

The following objects are masked from ‘package:IRanges’:

    collapse, desc, intersect, setdiff, slice, union

The following objects are masked from ‘package:S4Vectors’:

    first, intersect, rename, setdiff, setequal, union

The following objects are masked from ‘package:BiocGenerics’:

    combine, intersect, setdiff, union

The following object is masked from ‘package:matrixStats’:

    count

The following objects are masked from ‘package:stats’:

    filter, lag

The following objects are masked from ‘package:base’:

    intersect, setdiff, setequal, union

here() starts at /dcs04/lieber/marmaypag/ls_molecular-profiling_LIBD1070/ls_molecular-profiling
Loading objects:
  sce
class: SingleCellExperiment 
dim: 36601 9225 
metadata(1): Samples
assays(3): counts binomial_pearson_residuals logcounts
rownames(36601): ENSG00000243485 ENSG00000237613 ... ENSG00000278817
  ENSG00000277196
rowData names(7): source type ... gene_type binomial_deviance
colnames(9225): 1_AAACCCACAGCGTTGC-1 1_AAACCCACATGGCGCT-1 ...
  3_TTTGGTTTCTTCGACC-1 3_TTTGTTGTCCCGATCT-1
colData names(53): Sample Barcode ... doubletScore sizeFactor
reducedDimNames(4): GLMPCA_approx tSNE_50 mnn tSNE_mnn_50
mainExpName: NULL
altExpNames(0):
[1] TRUE
clust_10_pt75
   1    2    3    4    5    6    7    8    9   10   11   12   13   14   15   16 
 269  806  290  197  267  285 1416  543  644  643  790  211  142  456  138  151 
  17   18   19   20   21   22   23   24   25   26   27   28 
  61   42  251   72   49  134  636   59  297  139   64  173 
clust_10_1
  1   2   3   4   5   6   7   8   9  10  11  12  13  14  15  16  17  18  19  20 
269 606 114 197 267 285 972 543 635 372 795 211 143 332 176 138 339 269 271  61 
 21  22  23  24  25  26  27  28  29  30  31  32  33 
 42 251  28  44  49 134 636  59 272 453  64 173  25 
    
     1c_LS_SCP 2c_LS_SCP 3c_LS_SCP
  1        168        91        10
  2        586        34       186
  3        290         0         0
  4         55        79        63
  5        156        81        30
  6        165       113         7
  7         42       569       805
  8        322       196        25
  9        270       281        93
  10       470       102        71
  11       371       378        41
  12       157        26        28
  13        47        20        75
  14        90       149       217
  15        57        30        51
  16        89        43        19
  17        36        25         0
  18        25        12         5
  19        83        58       110
  20        72         0         0
  21        39        10         0
  22        82        24        28
  23       221       286       129
  24        55         3         1
  25        21        94       182
  26        33         0       106
  27        37         2        25
  28        24         0       149
    
     1c_LS_SCP 2c_LS_SCP 3c_LS_SCP
  1        168        91        10
  2        443        34       129
  3        114         0         0
  4         55        79        63
  5        156        81        30
  6        165       113         7
  7         41       488       443
  8        322       196        25
  9        270       274        91
  10       236        88        48
  11       370       382        43
  12       157        26        28
  13        48        20        75
  14        66        95       171
  15       176         0         0
  16        57        30        51
  17       176         0       163
  18       113        93        63
  19       234        14        23
  20        36        25         0
  21        25        12         5
  22        83        58       110
  23        28         0         0
  24        44         0         0
  25        39        10         0
  26        82        24        28
  27       221       286       129
  28        55         3         1
  29        21        93       158
  30         1        88       364
  31        37         2        25
  32        24         0       149
  33         0         1        24
clust_15_pt75
   1    2    3    4    5    6    7    8    9   10   11   12   13   14   15   16 
 261  800  290  197  267 1087 1662  544  642  235  141  583  400  140  102  247 
  17   18   19   20   21   22   23   24 
  73   49  135  632   59  295  320   64 
clust_15_1
   1    2    3    4    5    6    7    8    9   10   11   12   13   14   15   16 
 261  798  290  197  267  291  790  544  642  798  235  141  581  140  102  247 
  17   18   19   20   21   22   23   24   25 
  73   49  135  632   59  295  322 1272   64 
    
     1c_LS_SCP 2c_LS_SCP 3c_LS_SCP
  1        159        92        10
  2        584        35       181
  3        290         0         0
  4         55        79        63
  5        156        81        30
  6        546       490        51
  7         96       719       847
  8        322       197        25
  9        469       102        71
  10       169        29        37
  11        48        20        73
  12       170       187       226
  13       216       134        50
  14        56        31        53
  15        60        37         5
  16        81        58       108
  17        73         0         0
  18        38        11         0
  19        83        24        28
  20       221       282       129
  21        55         3         1
  22        20        93       182
  23        59         0       261
  24        37         2        25
    
     1c_LS_SCP 2c_LS_SCP 3c_LS_SCP
  1        159        92        10
  2        583        35       180
  3        290         0         0
  4         55        79        63
  5        156        81        30
  6        164       120         7
  7        276       374       140
  8        322       197        25
  9        469       102        71
  10       382       372        44
  11       169        29        37
  12        48        20        73
  13       170       185       226
  14        56        31        53
  15        60        37         5
  16        81        58       108
  17        73         0         0
  18        38        11         0
  19        83        24        28
  20       221       282       129
  21        55         3         1
  22        20        93       182
  23        60         0       262
  24        36       479       757
  25        37         2        25
clust_20_pt75
   1    2    3    4    5    6    7    8    9   10   11   12   13   14   15   16 
 245 1119  290  198  265 1091 1361  545  644  233  745  136  299  101  245   73 
  17   18   19   20   21   22   23 
  50  139  626   58  294   64  404 
clust_20_1
   1    2    3    4    5    6    7    8    9   10   11   12   13   14   15   16 
 245  608  290  198  265  285  748  545  644  806  233  140  600  138  331  101 
  17   18   19   20   21   22   23   24   25   26 
 248   73   50  139  626   58  294 1316   64  180 
    
     1c_LS_SCP 2c_LS_SCP 3c_LS_SCP
  1        145        90        10
  2        643        35       441
  3        290         0         0
  4         55        80        63
  5        154        81        30
  6        554       485        52
  7        143       686       532
  8        323       197        25
  9        470       102        72
  10       167        28        38
  11       226       217       302
  12        56        29        51
  13       169       101        29
  14        59        37         5
  15        81        58       106
  16        73         0         0
  17        39        11         0
  18        87        24        28
  19       218       279       129
  20        54         3         1
  21        20        93       181
  22        37         2        25
  23         0        68       336
    
     1c_LS_SCP 2c_LS_SCP 3c_LS_SCP
  1        145        90        10
  2        445        35       128
  3        290         0         0
  4         55        80        63
  5        154        81        30
  6        165       113         7
  7        277       353       118
  8        323       197        25
  9        470       102        72
  10       389       372        45
  11       167        28        38
  12        49        20        71
  13       176       196       228
  14        56        29        53
  15       172         0       159
  16        59        37         5
  17        82        59       107
  18        73         0         0
  19        39        11         0
  20        87        24        28
  21       218       279       129
  22        54         3         1
  23        20        93       181
  24        35       502       779
  25        37         2        25
  26        26         0       154
Saving 7 x 7 in image
Saving 7 x 7 in image
Saving 7 x 7 in image
Scale for colour is already present.
Adding another scale for colour, which will replace the existing scale.
Saving 7 x 8 in image
Scale for colour is already present.
Adding another scale for colour, which will replace the existing scale.
Saving 7 x 7 in image
Scale for colour is already present.
Adding another scale for colour, which will replace the existing scale.
Saving 7 x 7 in image
Scale for colour is already present.
Adding another scale for colour, which will replace the existing scale.
Saving 7 x 7 in image
Scale for colour is already present.
Adding another scale for colour, which will replace the existing scale.
Saving 7 x 7 in image
Scale for colour is already present.
Adding another scale for colour, which will replace the existing scale.
Saving 7 x 7 in image
Scale for colour is already present.
Adding another scale for colour, which will replace the existing scale.
Saving 7 x 7 in image
Scale for colour is already present.
Adding another scale for colour, which will replace the existing scale.
Saving 7 x 7 in image
Scale for colour is already present.
Adding another scale for colour, which will replace the existing scale.
Saving 7 x 7 in image
Scale for colour is already present.
Adding another scale for colour, which will replace the existing scale.
Saving 7 x 7 in image
Scale for colour is already present.
Adding another scale for colour, which will replace the existing scale.
Saving 7 x 7 in image
Scale for colour is already present.
Adding another scale for colour, which will replace the existing scale.
Saving 7 x 7 in image
Scale for colour is already present.
Adding another scale for colour, which will replace the existing scale.
Saving 7 x 7 in image
Scale for colour is already present.
Adding another scale for colour, which will replace the existing scale.
Saving 7 x 7 in image
Scale for colour is already present.
Adding another scale for colour, which will replace the existing scale.
Saving 7 x 7 in image
Scale for colour is already present.
Adding another scale for colour, which will replace the existing scale.
Saving 7 x 7 in image
Scale for colour is already present.
Adding another scale for colour, which will replace the existing scale.
Saving 7 x 7 in image
Scale for colour is already present.
Adding another scale for colour, which will replace the existing scale.
Saving 7 x 7 in image
Scale for colour is already present.
Adding another scale for colour, which will replace the existing scale.
Saving 7 x 7 in image
Scale for colour is already present.
Adding another scale for colour, which will replace the existing scale.
Saving 7 x 7 in image
Scale for colour is already present.
Adding another scale for colour, which will replace the existing scale.
Saving 7 x 7 in image
Scale for colour is already present.
Adding another scale for colour, which will replace the existing scale.
Saving 7 x 7 in image
Scale for colour is already present.
Adding another scale for colour, which will replace the existing scale.
Saving 7 x 7 in image
Scale for colour is already present.
Adding another scale for colour, which will replace the existing scale.
Saving 7 x 7 in image
Scale for colour is already present.
Adding another scale for colour, which will replace the existing scale.
Saving 7 x 7 in image
Scale for colour is already present.
Adding another scale for colour, which will replace the existing scale.
Saving 7 x 7 in image
Scale for colour is already present.
Adding another scale for colour, which will replace the existing scale.
Saving 7 x 7 in image
Scale for colour is already present.
Adding another scale for colour, which will replace the existing scale.
Saving 7 x 7 in image
Scale for colour is already present.
Adding another scale for colour, which will replace the existing scale.
Saving 7 x 7 in image
Scale for colour is already present.
Adding another scale for colour, which will replace the existing scale.
Saving 7 x 7 in image
Scale for colour is already present.
Adding another scale for colour, which will replace the existing scale.
Saving 7 x 7 in image
Scale for colour is already present.
Adding another scale for colour, which will replace the existing scale.
Saving 7 x 7 in image
Scale for colour is already present.
Adding another scale for colour, which will replace the existing scale.
Saving 7 x 7 in image
Scale for colour is already present.
Adding another scale for colour, which will replace the existing scale.
Saving 7 x 7 in image
Scale for colour is already present.
Adding another scale for colour, which will replace the existing scale.
Saving 7 x 7 in image
Scale for colour is already present.
Adding another scale for colour, which will replace the existing scale.
Saving 7 x 7 in image
Scale for colour is already present.
Adding another scale for colour, which will replace the existing scale.
Saving 7 x 7 in image
Scale for colour is already present.
Adding another scale for colour, which will replace the existing scale.
Saving 7 x 7 in image
Scale for colour is already present.
Adding another scale for colour, which will replace the existing scale.
Saving 7 x 7 in image
Scale for colour is already present.
Adding another scale for colour, which will replace the existing scale.
Saving 7 x 7 in image
Scale for colour is already present.
Adding another scale for colour, which will replace the existing scale.
Saving 7 x 7 in image
Scale for colour is already present.
Adding another scale for colour, which will replace the existing scale.
Saving 7 x 7 in image
Scale for colour is already present.
Adding another scale for colour, which will replace the existing scale.
Saving 7 x 7 in image
Scale for colour is already present.
Adding another scale for colour, which will replace the existing scale.
Saving 7 x 7 in image
Scale for colour is already present.
Adding another scale for colour, which will replace the existing scale.
Saving 7 x 7 in image
Scale for colour is already present.
Adding another scale for colour, which will replace the existing scale.
Saving 7 x 7 in image
Scale for colour is already present.
Adding another scale for colour, which will replace the existing scale.
Saving 7 x 7 in image
Scale for colour is already present.
Adding another scale for colour, which will replace the existing scale.
Saving 7 x 7 in image
Scale for colour is already present.
Adding another scale for colour, which will replace the existing scale.
Saving 7 x 7 in image
Scale for colour is already present.
Adding another scale for colour, which will replace the existing scale.
Saving 7 x 7 in image
Scale for colour is already present.
Adding another scale for colour, which will replace the existing scale.
Saving 7 x 7 in image
Scale for colour is already present.
Adding another scale for colour, which will replace the existing scale.
Saving 7 x 7 in image
Scale for colour is already present.
Adding another scale for colour, which will replace the existing scale.
Saving 7 x 7 in image
Scale for colour is already present.
Adding another scale for colour, which will replace the existing scale.
Saving 7 x 7 in image
Scale for colour is already present.
Adding another scale for colour, which will replace the existing scale.
Saving 7 x 7 in image
Scale for colour is already present.
Adding another scale for colour, which will replace the existing scale.
Saving 7 x 7 in image
Scale for colour is already present.
Adding another scale for colour, which will replace the existing scale.
Saving 7 x 7 in image
Scale for colour is already present.
Adding another scale for colour, which will replace the existing scale.
Saving 7 x 7 in image
Scale for colour is already present.
Adding another scale for colour, which will replace the existing scale.
Saving 7 x 7 in image
Scale for colour is already present.
Adding another scale for colour, which will replace the existing scale.
Saving 7 x 7 in image
Scale for colour is already present.
Adding another scale for colour, which will replace the existing scale.
Saving 7 x 7 in image
Scale for colour is already present.
Adding another scale for colour, which will replace the existing scale.
Saving 7 x 7 in image
[1] "Reproducibility information:"
[1] "2024-08-29 10:01:34 EDT"
   user  system elapsed 
316.770   3.191 328.185 
─ Session info ───────────────────────────────────────────────────────────────────────────────────────────────────────
 setting  value
 version  R version 4.4.0 Patched (2024-05-22 r86590)
 os       Rocky Linux 9.4 (Blue Onyx)
 system   x86_64, linux-gnu
 ui       X11
 language (EN)
 collate  en_US.UTF-8
 ctype    en_US.UTF-8
 tz       US/Eastern
 date     2024-08-29
 pandoc   3.1.13 @ /jhpce/shared/community/core/conda_R/4.4/bin/pandoc

─ Packages ───────────────────────────────────────────────────────────────────────────────────────────────────────────
 package              * version  date (UTC) lib source
 abind                  1.4-5    2016-07-21 [2] CRAN (R 4.4.0)
 beachmat               2.20.0   2024-04-30 [2] Bioconductor 3.19 (R 4.4.0)
 beeswarm               0.4.0    2021-06-01 [2] CRAN (R 4.4.0)
 Biobase              * 2.64.0   2024-04-30 [2] Bioconductor 3.19 (R 4.4.0)
 BiocGenerics         * 0.50.0   2024-04-30 [2] Bioconductor 3.19 (R 4.4.0)
 BiocNeighbors          1.22.0   2024-04-30 [2] Bioconductor 3.19 (R 4.4.0)
 BiocParallel           1.38.0   2024-04-30 [2] Bioconductor 3.19 (R 4.4.0)
 BiocSingular           1.20.0   2024-04-30 [2] Bioconductor 3.19 (R 4.4.0)
 bluster                1.14.0   2024-04-30 [2] Bioconductor 3.19 (R 4.4.0)
 cli                    3.6.3    2024-06-21 [2] CRAN (R 4.4.0)
 cluster                2.1.6    2023-12-01 [3] CRAN (R 4.4.0)
 codetools              0.2-20   2024-03-31 [3] CRAN (R 4.4.0)
 colorspace             2.1-1    2024-07-26 [2] CRAN (R 4.4.0)
 cowplot                1.1.3    2024-01-22 [2] CRAN (R 4.4.0)
 crayon                 1.5.3    2024-06-20 [2] CRAN (R 4.4.0)
 DelayedArray           0.30.1   2024-05-07 [2] Bioconductor 3.19 (R 4.4.0)
 DelayedMatrixStats     1.26.0   2024-04-30 [2] Bioconductor 3.19 (R 4.4.0)
 dplyr                * 1.1.4    2023-11-17 [2] CRAN (R 4.4.0)
 dqrng                  0.4.1    2024-05-28 [2] CRAN (R 4.4.0)
 edgeR                  4.2.1    2024-07-14 [2] Bioconductor 3.19 (R 4.4.0)
 fansi                  1.0.6    2023-12-08 [2] CRAN (R 4.4.0)
 farver                 2.1.2    2024-05-13 [2] CRAN (R 4.4.0)
 generics               0.1.3    2022-07-05 [2] CRAN (R 4.4.0)
 GenomeInfoDb         * 1.40.1   2024-05-24 [2] Bioconductor 3.19 (R 4.4.0)
 GenomeInfoDbData       1.2.12   2024-05-23 [2] Bioconductor
 GenomicRanges        * 1.56.1   2024-06-12 [2] Bioconductor 3.19 (R 4.4.0)
 ggbeeswarm             0.7.2    2023-04-29 [2] CRAN (R 4.4.0)
 ggplot2              * 3.5.1    2024-04-23 [2] CRAN (R 4.4.0)
 ggrepel                0.9.5    2024-01-10 [2] CRAN (R 4.4.0)
 glue                   1.7.0    2024-01-09 [2] CRAN (R 4.4.0)
 gridExtra              2.3      2017-09-09 [2] CRAN (R 4.4.0)
 gtable                 0.3.5    2024-04-22 [2] CRAN (R 4.4.0)
 here                 * 1.0.1    2020-12-13 [2] CRAN (R 4.4.0)
 httr                   1.4.7    2023-08-15 [2] CRAN (R 4.4.0)
 igraph                 2.0.3    2024-03-13 [2] CRAN (R 4.4.0)
 IRanges              * 2.38.1   2024-07-03 [2] Bioconductor 3.19 (R 4.4.0)
 irlba                  2.3.5.1  2022-10-03 [2] CRAN (R 4.4.0)
 jsonlite               1.8.8    2023-12-04 [2] CRAN (R 4.4.0)
 labeling               0.4.3    2023-08-29 [2] CRAN (R 4.4.0)
 lattice                0.22-6   2024-03-20 [3] CRAN (R 4.4.0)
 lifecycle              1.0.4    2023-11-07 [2] CRAN (R 4.4.0)
 limma                  3.60.4   2024-07-17 [2] Bioconductor 3.19 (R 4.4.0)
 locfit                 1.5-9.10 2024-06-24 [2] CRAN (R 4.4.0)
 magrittr               2.0.3    2022-03-30 [2] CRAN (R 4.4.0)
 Matrix                 1.7-0    2024-04-26 [3] CRAN (R 4.4.0)
 MatrixGenerics       * 1.16.0   2024-04-30 [2] Bioconductor 3.19 (R 4.4.0)
 matrixStats          * 1.3.0    2024-04-11 [2] CRAN (R 4.4.0)
 metapod                1.12.0   2024-04-30 [2] Bioconductor 3.19 (R 4.4.0)
 munsell                0.5.1    2024-04-01 [2] CRAN (R 4.4.0)
 pillar                 1.9.0    2023-03-22 [2] CRAN (R 4.4.0)
 pkgconfig              2.0.3    2019-09-22 [2] CRAN (R 4.4.0)
 R6                     2.5.1    2021-08-19 [2] CRAN (R 4.4.0)
 rafalib              * 1.0.0    2015-08-09 [1] CRAN (R 4.4.0)
 ragg                   1.3.2    2024-05-15 [2] CRAN (R 4.4.0)
 RColorBrewer           1.1-3    2022-04-03 [2] CRAN (R 4.4.0)
 Rcpp                   1.0.13   2024-07-17 [2] CRAN (R 4.4.0)
 rlang                  1.1.4    2024-06-04 [2] CRAN (R 4.4.0)
 rprojroot              2.0.4    2023-11-05 [2] CRAN (R 4.4.0)
 rsvd                   1.0.5    2021-04-16 [2] CRAN (R 4.4.0)
 S4Arrays               1.4.1    2024-05-20 [2] Bioconductor 3.19 (R 4.4.0)
 S4Vectors            * 0.42.1   2024-07-03 [2] Bioconductor 3.19 (R 4.4.0)
 ScaledMatrix           1.12.0   2024-04-30 [2] Bioconductor 3.19 (R 4.4.0)
 scales                 1.3.0    2023-11-28 [2] CRAN (R 4.4.0)
 scater               * 1.32.1   2024-07-21 [2] Bioconductor 3.19 (R 4.4.0)
 scran                * 1.32.0   2024-04-30 [2] Bioconductor 3.19 (R 4.4.0)
 scuttle              * 1.14.0   2024-04-30 [2] Bioconductor 3.19 (R 4.4.0)
 sessioninfo          * 1.2.2    2021-12-06 [2] CRAN (R 4.4.0)
 SingleCellExperiment * 1.26.0   2024-04-30 [2] Bioconductor 3.19 (R 4.4.0)
 SparseArray            1.4.8    2024-05-24 [2] Bioconductor 3.19 (R 4.4.0)
 sparseMatrixStats      1.16.0   2024-04-30 [2] Bioconductor 3.19 (R 4.4.0)
 statmod                1.5.0    2023-01-06 [2] CRAN (R 4.4.0)
 SummarizedExperiment * 1.34.0   2024-05-01 [2] Bioconductor 3.19 (R 4.4.0)
 systemfonts            1.1.0    2024-05-15 [2] CRAN (R 4.4.0)
 textshaping            0.4.0    2024-05-24 [2] CRAN (R 4.4.0)
 tibble                 3.2.1    2023-03-20 [2] CRAN (R 4.4.0)
 tidyselect             1.2.1    2024-03-11 [2] CRAN (R 4.4.0)
 UCSC.utils             1.0.0    2024-04-30 [2] Bioconductor 3.19 (R 4.4.0)
 utf8                   1.2.4    2023-10-22 [2] CRAN (R 4.4.0)
 vctrs                  0.6.5    2023-12-01 [2] CRAN (R 4.4.0)
 vipor                  0.4.7    2023-12-18 [2] CRAN (R 4.4.0)
 viridis                0.6.5    2024-01-29 [2] CRAN (R 4.4.0)
 viridisLite            0.4.2    2023-05-02 [2] CRAN (R 4.4.0)
 withr                  3.0.1    2024-07-31 [2] CRAN (R 4.4.0)
 XVector                0.44.0   2024-04-30 [2] Bioconductor 3.19 (R 4.4.0)
 zlibbioc               1.50.0   2024-04-30 [2] Bioconductor 3.19 (R 4.4.0)

 [1] /users/rphillip/R/4.4
 [2] /jhpce/shared/community/core/conda_R/4.4/R/lib64/R/site-library
 [3] /jhpce/shared/community/core/conda_R/4.4/R/lib64/R/library

──────────────────────────────────────────────────────────────────────────────────────────────────────────────────────
********* Job Ends *********
Thu Aug 29 10:01:34 AM EDT 2024
